GAMS 40.1.0  93c2a77b Aug 1, 2022           DEX-DEG x86 64bit/Mac OS X - 09/01/22 07:26:15 Page 1
G e n e r a l   A l g e b r a i c   M o d e l i n g   S y s t e m
C o m p i l a t i o n


      Workshop 1 - MOS
       
      Made by:
      Juan Andrés Romero C - 202013449
      Juan Sebastián Alegría - 202011282
   8   
   9  Sets i 'Foods' /C, A, L, P/;
  10   
  11  Parameter C(i)  'Calories of each Food'         /C 287, A 204, L 146, P 245/;
  12  Parameter P(i) 'Proteins of each Food'          /C 26, A 4.2, L 8, P 6/;
  13  Parameter S(i) 'Sugars of each Food'            /C 0, A 0.01, L 13, P 35/;
  14  Parameter F(i)  'Fats of each Food'             /C 19.3, A 0.5, L 8, P 0.8/;
  15  Parameter Carb(i) 'Carbohydrates of each Food'  /C 0, A 44.1, L 11, P 55/;
  16  Parameter Price(i) 'Prices of each Food'        /C 3000, A 1000, L 600, P 700/;
  17   
  18  Variables z    'Target function'
  19            x(i) 'Amount of a food';
  20   
  21  Scalar calLimit     'Minimum limit of calories'      /1500/;
  22  Scalar proteinLimit 'Minimum limit of proteins'      /63/;
  23  Scalar sugarLimit   'Maximum limit of sugars'        /25/;
  24  Scalar fatLimit     'Maximum limit of fats'          /50/;
  25  Scalar carbsLimit   'Maximum limit of carbohydrates' /200/;
  26   
  27  Positive Variable x;
  28   
  29  Equations targetFunc    'Target function'
  30            calories      'Calorie Restriction'
  31            proteins      'Protein Restriction'
  32            sugars        'Sugar restriction'
  33            fats          'Fat restriction'
  34            carbohydrates 'Carbohydrate restriction';
  35   
  36  targetFunc..    z =e= sum((i), Price(i)*x(i));
  37  calories..      sum((i), C(i)*x(i)) =g= calLimit;
  38  proteins..      sum((i), P(i)*x(i)) =g= proteinLimit;
  39  sugars..        sum((i), S(i)*x(i)) =l= sugarLimit;
  40  fats..          sum((i), F(i)*x(i)) =l= fatLimit;
  41  carbohydrates.. sum((i), Carb(i)*x(i)) =l= carbsLimit;
  42   
  43  Model workshop1 /all/;
  44  option lp=CPLEX;
  45  Solve workshop1 using lp minimizing z;
  46  Display x.l;
  47  Display z.l;


COMPILATION TIME     =        0.003 SECONDS      3 MB  40.1.0 93c2a77b DEX-DEG
GAMS 40.1.0  93c2a77b Aug 1, 2022           DEX-DEG x86 64bit/Mac OS X - 09/01/22 07:26:15 Page 2
G e n e r a l   A l g e b r a i c   M o d e l i n g   S y s t e m
Equation Listing    SOLVE workshop1 Using LP From line 45


---- targetFunc  =E=  Target function

targetFunc..  z - 3000*x(C) - 1000*x(A) - 600*x(L) - 700*x(P) =E= 0 ; (LHS = 0)
     

---- calories  =G=  Calorie Restriction

calories..  287*x(C) + 204*x(A) + 146*x(L) + 245*x(P) =G= 1500 ; (LHS = 0, INFES = 1500 ****)
     

---- proteins  =G=  Protein Restriction

proteins..  26*x(C) + 4.2*x(A) + 8*x(L) + 6*x(P) =G= 63 ; (LHS = 0, INFES = 63 ****)
     

---- sugars  =L=  Sugar restriction

sugars..  0.01*x(A) + 13*x(L) + 35*x(P) =L= 25 ; (LHS = 0)
     

---- fats  =L=  Fat restriction

fats..  19.3*x(C) + 0.5*x(A) + 8*x(L) + 0.8*x(P) =L= 50 ; (LHS = 0)
     

---- carbohydrates  =L=  Carbohydrate restriction

carbohydrates..  44.1*x(A) + 11*x(L) + 55*x(P) =L= 200 ; (LHS = 0)
     
GAMS 40.1.0  93c2a77b Aug 1, 2022           DEX-DEG x86 64bit/Mac OS X - 09/01/22 07:26:15 Page 3
G e n e r a l   A l g e b r a i c   M o d e l i n g   S y s t e m
Column Listing      SOLVE workshop1 Using LP From line 45


---- z  Target function

z
                (.LO, .L, .UP, .M = -INF, 0, +INF, 0)
        1       targetFunc


---- x  Amount of a food

x(C)
                (.LO, .L, .UP, .M = 0, 0, +INF, 0)
    -3000       targetFunc
      287       calories
       26       proteins
       19.3     fats

x(A)
                (.LO, .L, .UP, .M = 0, 0, +INF, 0)
    -1000       targetFunc
      204       calories
        4.2     proteins
        0.01    sugars
        0.5     fats
       44.1     carbohydrates

x(L)
                (.LO, .L, .UP, .M = 0, 0, +INF, 0)
     -600       targetFunc
      146       calories
        8       proteins
       13       sugars
        8       fats
       11       carbohydrates

REMAINING ENTRY SKIPPED
GAMS 40.1.0  93c2a77b Aug 1, 2022           DEX-DEG x86 64bit/Mac OS X - 09/01/22 07:26:15 Page 4
G e n e r a l   A l g e b r a i c   M o d e l i n g   S y s t e m
Range Statistics    SOLVE workshop1 Using LP From line 45


RANGE STATISTICS (ABSOLUTE NON-ZERO FINITE VALUES)

RHS       [min, max] : [ 2.500E+01, 1.500E+03] - Zero values observed as well
Bound     [min, max] : [        NA,        NA] - Zero values observed as well
Matrix    [min, max] : [ 1.000E-02, 3.000E+03]

GAMS 40.1.0  93c2a77b Aug 1, 2022           DEX-DEG x86 64bit/Mac OS X - 09/01/22 07:26:15 Page 5
G e n e r a l   A l g e b r a i c   M o d e l i n g   S y s t e m
Model Statistics    SOLVE workshop1 Using LP From line 45


MODEL STATISTICS

BLOCKS OF EQUATIONS           6     SINGLE EQUATIONS            6
BLOCKS OF VARIABLES           2     SINGLE VARIABLES            5
NON ZERO ELEMENTS            23


GENERATION TIME      =        0.013 SECONDS      4 MB  40.1.0 93c2a77b DEX-DEG
GAMS 40.1.0  93c2a77b Aug 1, 2022           DEX-DEG x86 64bit/Mac OS X - 09/01/22 07:26:15 Page 6
G e n e r a l   A l g e b r a i c   M o d e l i n g   S y s t e m
Solution Report     SOLVE workshop1 Using LP From line 45


               S O L V E      S U M M A R Y

     MODEL   workshop1           OBJECTIVE  z
     TYPE    LP                  DIRECTION  MINIMIZE
     SOLVER  CPLEX               FROM LINE  45

**** SOLVER STATUS     1 Normal Completion
**** MODEL STATUS      1 Optimal
**** OBJECTIVE VALUE             9307.9977

 RESOURCE USAGE, LIMIT          0.042 10000000000.000
 ITERATION COUNT, LIMIT         4    2147483647
--- *** This solver runs with a community license. No commercial use.
--- GMO setup time: 0.00s
--- GMO memory 0.50 Mb (peak 0.50 Mb)
--- Dictionary memory 0.00 Mb
--- Cplex 22.1.0.0 link memory 0.00 Mb (peak 0.00 Mb)
--- Starting Cplex


--- LP status (1): optimal.
--- Cplex Time: 0.01sec (det. 0.01 ticks)


Optimal solution found
Objective:         9307.997731


                           LOWER          LEVEL          UPPER         MARGINAL

---- EQU targetFunc          .              .              .             1.0000      
---- EQU calories        1500.0000      1500.0000        +INF           10.4530      
---- EQU proteins          63.0000        67.9273        +INF             .          
---- EQU sugars            -INF           25.0000        25.0000       -49.5228      
---- EQU fats              -INF           43.7630        50.0000          .          
---- EQU carbohydr~        -INF          200.0000       200.0000       -25.6669      

  targetFunc  Target function
  calories  Calorie Restriction
  proteins  Protein Restriction
  sugars  Sugar restriction
  fats  Fat restriction
  carbohydrates  Carbohydrate restriction

                           LOWER          LEVEL          UPPER         MARGINAL

---- VAR z                 -INF         9307.9977        +INF             .          

  z  Target function

---- VAR x  Amount of a food

         LOWER          LEVEL          UPPER         MARGINAL

C          .             1.3666        +INF             .          
A          .             4.0562        +INF             .          
L          .             1.9200        +INF             .          
P          .              .            +INF         1284.0014      


**** REPORT SUMMARY :        0     NONOPT
                             0 INFEASIBLE
                             0  UNBOUNDED
GAMS 40.1.0  93c2a77b Aug 1, 2022           DEX-DEG x86 64bit/Mac OS X - 09/01/22 07:26:15 Page 7
G e n e r a l   A l g e b r a i c   M o d e l i n g   S y s t e m
E x e c u t i o n


----     46 VARIABLE x.L  Amount of a food

C 1.367,    A 4.056,    L 1.920


----     47 VARIABLE z.L                   =     9307.998  Target function


EXECUTION TIME       =        0.085 SECONDS      4 MB  40.1.0 93c2a77b DEX-DEG


USER: GAMS Community License for Juan Alegria        G220811|0002AO-GEN
      Universidad de los Andes,                                  CL3634
      License for teaching and research at degree granting institutions


**** FILE SUMMARY

Input      /Users/zejiran/hack/uniandes/MSO/workshop-01/workshop1.gms
Output     /Users/zejiran/hack/uniandes/MSO/workshop-01/workshop1.lst
